[lowlight/srcnn] params=0.56M device=cuda
[auto-resume] 无断点，从头开始训练
/root/miniconda3/lib/python3.12/site-packages/torch/nn/modules/conv.py:456: UserWarning: Plan failed with a cudnnException: CUDNN_BACKEND_EXECUTION_PLAN_DESCRIPTOR: cudnnFinalize Descriptor Failed cudnn_status: CUDNN_STATUS_NOT_SUPPORTED (Triggered internally at ../aten/src/ATen/native/cudnn/Conv_v8.cpp:919.)
  return F.conv2d(input, weight, bias, self.stride,
Epoch 001 | loss=0.3103 | val PSNR=13.35 SSIM=0.6264 | 8.7s
  -> saved best checkpoint: models/lowlight_srcnn_scale2_best.pth
Epoch 002 | loss=0.1686 | val PSNR=14.27 SSIM=0.6404 | 8.1s
  -> saved best checkpoint: models/lowlight_srcnn_scale2_best.pth
Epoch 003 | loss=0.1608 | val PSNR=14.88 SSIM=0.6622 | 8.2s
  -> saved best checkpoint: models/lowlight_srcnn_scale2_best.pth
Epoch 004 | loss=0.1502 | val PSNR=15.19 SSIM=0.6778 | 8.2s
  -> saved best checkpoint: models/lowlight_srcnn_scale2_best.pth
Epoch 005 | loss=0.1426 | val PSNR=15.32 SSIM=0.6924 | 8.2s
  -> saved best checkpoint: models/lowlight_srcnn_scale2_best.pth
Epoch 006 | loss=0.1391 | val PSNR=15.64 SSIM=0.6961 | 8.1s
  -> saved best checkpoint: models/lowlight_srcnn_scale2_best.pth
Epoch 007 | loss=0.1373 | val PSNR=15.81 SSIM=0.7011 | 8.2s
  -> saved best checkpoint: models/lowlight_srcnn_scale2_best.pth
Epoch 008 | loss=0.1368 | val PSNR=15.50 SSIM=0.7022 | 8.2s
Epoch 009 | loss=0.1328 | val PSNR=15.21 SSIM=0.7039 | 8.2s
Epoch 010 | loss=0.1331 | val PSNR=15.76 SSIM=0.7089 | 8.2s
  -> resume point saved: models/ckpt/lowlight_srcnn_scale2_last.pt (epoch 10)
Epoch 011 | loss=0.1303 | val PSNR=15.71 SSIM=0.7069 | 8.3s
Epoch 012 | loss=0.1312 | val PSNR=15.95 SSIM=0.7159 | 8.3s
  -> saved best checkpoint: models/lowlight_srcnn_scale2_best.pth
Epoch 013 | loss=0.1292 | val PSNR=16.16 SSIM=0.7182 | 8.2s
  -> saved best checkpoint: models/lowlight_srcnn_scale2_best.pth
Epoch 014 | loss=0.1309 | val PSNR=16.29 SSIM=0.7180 | 8.1s
  -> saved best checkpoint: models/lowlight_srcnn_scale2_best.pth
Epoch 015 | loss=0.1273 | val PSNR=16.15 SSIM=0.7181 | 8.2s
Epoch 016 | loss=0.1269 | val PSNR=15.62 SSIM=0.7159 | 8.1s
Epoch 017 | loss=0.1301 | val PSNR=15.95 SSIM=0.7215 | 8.2s
Epoch 018 | loss=0.1253 | val PSNR=15.71 SSIM=0.7154 | 8.1s
Epoch 019 | loss=0.1256 | val PSNR=16.27 SSIM=0.7240 | 8.2s
Epoch 020 | loss=0.1301 | val PSNR=16.31 SSIM=0.7279 | 8.2s
  -> saved best checkpoint: models/lowlight_srcnn_scale2_best.pth
  -> resume point saved: models/ckpt/lowlight_srcnn_scale2_last.pt (epoch 20)
Epoch 021 | loss=0.1226 | val PSNR=16.20 SSIM=0.7239 | 8.2s
Epoch 022 | loss=0.1248 | val PSNR=15.89 SSIM=0.7200 | 8.1s
Epoch 023 | loss=0.1245 | val PSNR=15.81 SSIM=0.7245 | 8.2s
Epoch 024 | loss=0.1214 | val PSNR=16.02 SSIM=0.7245 | 8.3s
Epoch 025 | loss=0.1215 | val PSNR=15.94 SSIM=0.7243 | 8.4s
Epoch 026 | loss=0.1254 | val PSNR=16.29 SSIM=0.7285 | 8.2s
Epoch 027 | loss=0.1205 | val PSNR=16.36 SSIM=0.7303 | 8.3s
  -> saved best checkpoint: models/lowlight_srcnn_scale2_best.pth
Epoch 028 | loss=0.1200 | val PSNR=16.04 SSIM=0.7263 | 8.1s
Epoch 029 | loss=0.1207 | val PSNR=16.16 SSIM=0.7276 | 8.3s
Epoch 030 | loss=0.1185 | val PSNR=16.44 SSIM=0.7317 | 8.2s
  -> saved best checkpoint: models/lowlight_srcnn_scale2_best.pth
  -> resume point saved: models/ckpt/lowlight_srcnn_scale2_last.pt (epoch 30)
Epoch 031 | loss=0.1170 | val PSNR=16.58 SSIM=0.7326 | 8.2s
  -> saved best checkpoint: models/lowlight_srcnn_scale2_best.pth
Epoch 032 | loss=0.1218 | val PSNR=16.33 SSIM=0.7379 | 8.2s
Epoch 033 | loss=0.1167 | val PSNR=16.72 SSIM=0.7364 | 8.2s
  -> saved best checkpoint: models/lowlight_srcnn_scale2_best.pth
Epoch 034 | loss=0.1177 | val PSNR=16.41 SSIM=0.7352 | 8.1s
Epoch 035 | loss=0.1166 | val PSNR=16.38 SSIM=0.7363 | 8.2s
Epoch 036 | loss=0.1178 | val PSNR=16.89 SSIM=0.7402 | 8.2s
  -> saved best checkpoint: models/lowlight_srcnn_scale2_best.pth
Epoch 037 | loss=0.1146 | val PSNR=16.51 SSIM=0.7379 | 8.2s
Epoch 038 | loss=0.1184 | val PSNR=16.98 SSIM=0.7406 | 8.3s
  -> saved best checkpoint: models/lowlight_srcnn_scale2_best.pth
Epoch 039 | loss=0.1160 | val PSNR=16.81 SSIM=0.7382 | 8.3s
Epoch 040 | loss=0.1178 | val PSNR=16.48 SSIM=0.7345 | 8.3s
  -> resume point saved: models/ckpt/lowlight_srcnn_scale2_last.pt (epoch 40)
Epoch 041 | loss=0.1158 | val PSNR=16.76 SSIM=0.7404 | 8.3s
Epoch 042 | loss=0.1143 | val PSNR=16.59 SSIM=0.7389 | 8.2s
Epoch 043 | loss=0.1194 | val PSNR=16.72 SSIM=0.7414 | 8.3s
Epoch 044 | loss=0.1170 | val PSNR=16.69 SSIM=0.7381 | 8.2s
Epoch 045 | loss=0.1173 | val PSNR=16.80 SSIM=0.7435 | 8.2s
Epoch 046 | loss=0.1113 | val PSNR=16.58 SSIM=0.7364 | 8.2s
Epoch 047 | loss=0.1158 | val PSNR=16.71 SSIM=0.7400 | 8.2s
Epoch 048 | loss=0.1135 | val PSNR=17.05 SSIM=0.7400 | 8.1s
  -> saved best checkpoint: models/lowlight_srcnn_scale2_best.pth
Epoch 049 | loss=0.1143 | val PSNR=16.86 SSIM=0.7398 | 8.2s
Epoch 050 | loss=0.1165 | val PSNR=16.96 SSIM=0.7427 | 8.1s
  -> resume point saved: models/ckpt/lowlight_srcnn_scale2_last.pt (epoch 50)
Epoch 051 | loss=0.1125 | val PSNR=15.71 SSIM=0.7234 | 8.2s
Epoch 052 | loss=0.1156 | val PSNR=16.05 SSIM=0.7386 | 8.3s
Epoch 053 | loss=0.1165 | val PSNR=16.58 SSIM=0.7402 | 8.2s
Epoch 054 | loss=0.1115 | val PSNR=16.67 SSIM=0.7408 | 8.3s
Epoch 055 | loss=0.1131 | val PSNR=16.75 SSIM=0.7415 | 8.2s
Epoch 056 | loss=0.1121 | val PSNR=16.75 SSIM=0.7409 | 8.1s
Epoch 057 | loss=0.1102 | val PSNR=15.71 SSIM=0.7338 | 8.2s
Epoch 058 | loss=0.1147 | val PSNR=16.61 SSIM=0.7371 | 8.2s
Epoch 059 | loss=0.1143 | val PSNR=16.77 SSIM=0.7419 | 8.1s
Epoch 060 | loss=0.1103 | val PSNR=16.84 SSIM=0.7419 | 8.1s
  -> resume point saved: models/ckpt/lowlight_srcnn_scale2_last.pt (epoch 60)
Epoch 061 | loss=0.1130 | val PSNR=17.01 SSIM=0.7440 | 8.2s
Epoch 062 | loss=0.1117 | val PSNR=16.85 SSIM=0.7418 | 8.1s
Epoch 063 | loss=0.1117 | val PSNR=16.67 SSIM=0.7417 | 8.2s
Epoch 064 | loss=0.1127 | val PSNR=16.81 SSIM=0.7429 | 8.2s
Epoch 065 | loss=0.1089 | val PSNR=16.75 SSIM=0.7388 | 8.3s
Epoch 066 | loss=0.1115 | val PSNR=17.01 SSIM=0.7450 | 8.4s
Epoch 067 | loss=0.1137 | val PSNR=16.99 SSIM=0.7431 | 8.3s
Epoch 068 | loss=0.1118 | val PSNR=16.13 SSIM=0.7392 | 8.3s
Epoch 069 | loss=0.1104 | val PSNR=16.87 SSIM=0.7424 | 8.3s
Epoch 070 | loss=0.1097 | val PSNR=16.76 SSIM=0.7429 | 8.1s
  -> resume point saved: models/ckpt/lowlight_srcnn_scale2_last.pt (epoch 70)
Epoch 071 | loss=0.1118 | val PSNR=17.02 SSIM=0.7450 | 8.2s
Epoch 072 | loss=0.1101 | val PSNR=16.39 SSIM=0.7391 | 8.2s
Epoch 073 | loss=0.1105 | val PSNR=16.80 SSIM=0.7413 | 8.2s
Epoch 074 | loss=0.1113 | val PSNR=16.98 SSIM=0.7425 | 8.1s
Epoch 075 | loss=0.1080 | val PSNR=16.93 SSIM=0.7433 | 8.1s
Epoch 076 | loss=0.1097 | val PSNR=16.81 SSIM=0.7401 | 8.2s
Epoch 077 | loss=0.1101 | val PSNR=16.84 SSIM=0.7412 | 8.2s
Epoch 078 | loss=0.1089 | val PSNR=16.76 SSIM=0.7441 | 8.2s
Epoch 079 | loss=0.1097 | val PSNR=17.01 SSIM=0.7441 | 8.3s
Epoch 080 | loss=0.1133 | val PSNR=17.03 SSIM=0.7408 | 8.3s
  -> resume point saved: models/ckpt/lowlight_srcnn_scale2_last.pt (epoch 80)
Epoch 081 | loss=0.1097 | val PSNR=16.90 SSIM=0.7397 | 8.4s
Epoch 082 | loss=0.1110 | val PSNR=16.74 SSIM=0.7420 | 8.3s
Epoch 083 | loss=0.1081 | val PSNR=16.70 SSIM=0.7387 | 8.2s
Epoch 084 | loss=0.1078 | val PSNR=16.76 SSIM=0.7424 | 8.2s
Epoch 085 | loss=0.1118 | val PSNR=16.94 SSIM=0.7431 | 8.2s
Epoch 086 | loss=0.1106 | val PSNR=16.59 SSIM=0.7402 | 8.1s
Epoch 087 | loss=0.1112 | val PSNR=16.96 SSIM=0.7436 | 8.3s
Epoch 088 | loss=0.1111 | val PSNR=16.80 SSIM=0.7459 | 8.1s
Epoch 089 | loss=0.1107 | val PSNR=17.02 SSIM=0.7425 | 8.2s
Epoch 090 | loss=0.1107 | val PSNR=16.81 SSIM=0.7398 | 8.2s
  -> resume point saved: models/ckpt/lowlight_srcnn_scale2_last.pt (epoch 90)
Epoch 091 | loss=0.1106 | val PSNR=16.91 SSIM=0.7440 | 8.3s
Epoch 092 | loss=0.1110 | val PSNR=16.88 SSIM=0.7438 | 8.1s
Epoch 093 | loss=0.1083 | val PSNR=16.72 SSIM=0.7387 | 8.4s
Epoch 094 | loss=0.1056 | val PSNR=16.96 SSIM=0.7419 | 8.3s
Epoch 095 | loss=0.1102 | val PSNR=16.65 SSIM=0.7452 | 8.4s
Epoch 096 | loss=0.1070 | val PSNR=17.04 SSIM=0.7428 | 8.3s
Epoch 097 | loss=0.1075 | val PSNR=17.11 SSIM=0.7467 | 8.2s
  -> saved best checkpoint: models/lowlight_srcnn_scale2_best.pth
Epoch 098 | loss=0.1099 | val PSNR=16.58 SSIM=0.7398 | 8.2s
Epoch 099 | loss=0.1086 | val PSNR=17.10 SSIM=0.7459 | 8.2s
Epoch 100 | loss=0.1047 | val PSNR=16.79 SSIM=0.7434 | 8.2s
  -> resume point saved: models/ckpt/lowlight_srcnn_scale2_last.pt (epoch 100)
Epoch 101 | loss=0.1075 | val PSNR=16.95 SSIM=0.7412 | 8.2s
Epoch 102 | loss=0.1073 | val PSNR=17.02 SSIM=0.7428 | 8.2s
Epoch 103 | loss=0.1090 | val PSNR=17.01 SSIM=0.7467 | 8.2s
Epoch 104 | loss=0.1069 | val PSNR=16.97 SSIM=0.7427 | 8.1s
Epoch 105 | loss=0.1093 | val PSNR=16.78 SSIM=0.7443 | 8.2s
Epoch 106 | loss=0.1098 | val PSNR=16.94 SSIM=0.7424 | 8.2s
Epoch 107 | loss=0.1088 | val PSNR=17.09 SSIM=0.7476 | 8.2s
Epoch 108 | loss=0.1082 | val PSNR=17.14 SSIM=0.7453 | 8.3s
  -> saved best checkpoint: models/lowlight_srcnn_scale2_best.pth
Epoch 109 | loss=0.1108 | val PSNR=16.96 SSIM=0.7424 | 8.3s
Epoch 110 | loss=0.1095 | val PSNR=16.88 SSIM=0.7434 | 8.3s
  -> resume point saved: models/ckpt/lowlight_srcnn_scale2_last.pt (epoch 110)
Epoch 111 | loss=0.1089 | val PSNR=16.81 SSIM=0.7460 | 8.1s
Epoch 112 | loss=0.1058 | val PSNR=16.91 SSIM=0.7409 | 8.2s
Epoch 113 | loss=0.1084 | val PSNR=16.83 SSIM=0.7397 | 8.1s
Epoch 114 | loss=0.1097 | val PSNR=17.13 SSIM=0.7433 | 8.2s
Epoch 115 | loss=0.1075 | val PSNR=16.97 SSIM=0.7405 | 8.2s
Epoch 116 | loss=0.1077 | val PSNR=17.20 SSIM=0.7459 | 8.2s
  -> saved best checkpoint: models/lowlight_srcnn_scale2_best.pth
Epoch 117 | loss=0.1035 | val PSNR=16.98 SSIM=0.7404 | 8.2s
Epoch 118 | loss=0.1077 | val PSNR=16.96 SSIM=0.7449 | 8.2s
Epoch 119 | loss=0.1077 | val PSNR=17.05 SSIM=0.7441 | 8.2s
Epoch 120 | loss=0.1060 | val PSNR=17.05 SSIM=0.7439 | 8.1s
  -> resume point saved: models/ckpt/lowlight_srcnn_scale2_last.pt (epoch 120)
Epoch 121 | loss=0.1043 | val PSNR=16.95 SSIM=0.7432 | 8.3s
Epoch 122 | loss=0.1059 | val PSNR=17.13 SSIM=0.7432 | 8.4s
Epoch 123 | loss=0.1053 | val PSNR=17.07 SSIM=0.7449 | 8.3s
Epoch 124 | loss=0.1064 | val PSNR=16.99 SSIM=0.7408 | 8.3s
Epoch 125 | loss=0.1106 | val PSNR=16.96 SSIM=0.7421 | 8.3s
Epoch 126 | loss=0.1072 | val PSNR=16.99 SSIM=0.7405 | 8.2s
Epoch 127 | loss=0.1048 | val PSNR=17.09 SSIM=0.7422 | 8.0s
Epoch 128 | loss=0.1066 | val PSNR=16.97 SSIM=0.7415 | 8.1s
Epoch 129 | loss=0.1104 | val PSNR=16.92 SSIM=0.7400 | 8.2s
Epoch 130 | loss=0.1056 | val PSNR=16.99 SSIM=0.7420 | 8.1s
  -> resume point saved: models/ckpt/lowlight_srcnn_scale2_last.pt (epoch 130)
Epoch 131 | loss=0.1076 | val PSNR=16.95 SSIM=0.7410 | 8.1s
Epoch 132 | loss=0.1026 | val PSNR=16.95 SSIM=0.7436 | 8.3s
Epoch 133 | loss=0.1045 | val PSNR=17.01 SSIM=0.7427 | 8.2s
Epoch 134 | loss=0.1051 | val PSNR=16.91 SSIM=0.7429 | 8.3s
Epoch 135 | loss=0.1051 | val PSNR=16.83 SSIM=0.7377 | 8.3s
Epoch 136 | loss=0.1064 | val PSNR=17.05 SSIM=0.7425 | 8.3s
Epoch 137 | loss=0.1075 | val PSNR=17.03 SSIM=0.7441 | 8.4s
Epoch 138 | loss=0.1039 | val PSNR=17.01 SSIM=0.7413 | 8.3s
Epoch 139 | loss=0.1068 | val PSNR=16.99 SSIM=0.7441 | 8.2s
Epoch 140 | loss=0.1094 | val PSNR=17.05 SSIM=0.7449 | 8.2s
  -> resume point saved: models/ckpt/lowlight_srcnn_scale2_last.pt (epoch 140)
Epoch 141 | loss=0.1083 | val PSNR=17.09 SSIM=0.7435 | 8.2s
Epoch 142 | loss=0.1069 | val PSNR=17.11 SSIM=0.7437 | 8.3s
Epoch 143 | loss=0.1080 | val PSNR=16.92 SSIM=0.7451 | 8.2s
Epoch 144 | loss=0.1078 | val PSNR=17.10 SSIM=0.7452 | 8.3s
Epoch 145 | loss=0.1066 | val PSNR=17.05 SSIM=0.7412 | 8.2s
Epoch 146 | loss=0.1036 | val PSNR=16.97 SSIM=0.7421 | 8.2s
Epoch 147 | loss=0.1092 | val PSNR=17.15 SSIM=0.7438 | 8.2s
Epoch 148 | loss=0.1053 | val PSNR=17.08 SSIM=0.7437 | 8.2s
Epoch 149 | loss=0.1052 | val PSNR=17.02 SSIM=0.7421 | 8.4s
Epoch 150 | loss=0.1078 | val PSNR=17.04 SSIM=0.7407 | 8.3s
  -> resume point saved: models/ckpt/lowlight_srcnn_scale2_last.pt (epoch 150)
Epoch 151 | loss=0.1057 | val PSNR=17.03 SSIM=0.7421 | 8.3s
Epoch 152 | loss=0.1068 | val PSNR=17.02 SSIM=0.7423 | 8.3s
Epoch 153 | loss=0.1052 | val PSNR=17.01 SSIM=0.7430 | 8.1s
Epoch 154 | loss=0.1045 | val PSNR=17.09 SSIM=0.7435 | 8.3s
Epoch 155 | loss=0.1061 | val PSNR=17.04 SSIM=0.7442 | 8.2s
Epoch 156 | loss=0.1038 | val PSNR=17.00 SSIM=0.7406 | 8.3s
Epoch 157 | loss=0.1067 | val PSNR=17.12 SSIM=0.7431 | 8.2s
Epoch 158 | loss=0.1027 | val PSNR=17.07 SSIM=0.7432 | 8.2s
Epoch 159 | loss=0.1034 | val PSNR=17.10 SSIM=0.7424 | 8.1s
Epoch 160 | loss=0.1069 | val PSNR=17.07 SSIM=0.7427 | 8.2s
  -> resume point saved: models/ckpt/lowlight_srcnn_scale2_last.pt (epoch 160)
Epoch 161 | loss=0.1065 | val PSNR=17.10 SSIM=0.7433 | 8.2s
Epoch 162 | loss=0.1028 | val PSNR=17.03 SSIM=0.7424 | 8.3s
Epoch 163 | loss=0.1077 | val PSNR=17.07 SSIM=0.7414 | 8.4s
Epoch 164 | loss=0.1037 | val PSNR=17.09 SSIM=0.7422 | 8.3s
Epoch 165 | loss=0.1046 | val PSNR=17.15 SSIM=0.7433 | 8.4s
Epoch 166 | loss=0.1023 | val PSNR=17.11 SSIM=0.7436 | 8.2s
Epoch 167 | loss=0.1053 | val PSNR=17.11 SSIM=0.7433 | 8.1s
Epoch 168 | loss=0.1066 | val PSNR=17.10 SSIM=0.7423 | 8.3s
Epoch 169 | loss=0.1020 | val PSNR=17.01 SSIM=0.7423 | 8.3s
Epoch 170 | loss=0.1026 | val PSNR=17.05 SSIM=0.7424 | 8.3s
  -> resume point saved: models/ckpt/lowlight_srcnn_scale2_last.pt (epoch 170)
Epoch 171 | loss=0.1028 | val PSNR=17.02 SSIM=0.7427 | 8.2s
Epoch 172 | loss=0.1072 | val PSNR=17.07 SSIM=0.7419 | 8.3s
Epoch 173 | loss=0.1035 | val PSNR=17.13 SSIM=0.7428 | 8.2s
Epoch 174 | loss=0.1048 | val PSNR=17.10 SSIM=0.7431 | 8.3s
Epoch 175 | loss=0.1026 | val PSNR=17.08 SSIM=0.7430 | 8.1s
Epoch 176 | loss=0.1052 | val PSNR=17.06 SSIM=0.7427 | 8.3s
Epoch 177 | loss=0.1055 | val PSNR=17.04 SSIM=0.7413 | 8.3s
Epoch 178 | loss=0.1063 | val PSNR=17.04 SSIM=0.7423 | 8.3s
Epoch 179 | loss=0.1032 | val PSNR=17.02 SSIM=0.7418 | 8.4s
Epoch 180 | loss=0.1027 | val PSNR=17.01 SSIM=0.7415 | 8.2s
  -> resume point saved: models/ckpt/lowlight_srcnn_scale2_last.pt (epoch 180)
Epoch 181 | loss=0.1033 | val PSNR=17.02 SSIM=0.7420 | 8.2s
Epoch 182 | loss=0.1066 | val PSNR=17.01 SSIM=0.7417 | 8.2s
Epoch 183 | loss=0.1037 | val PSNR=16.99 SSIM=0.7426 | 8.2s
Epoch 184 | loss=0.1073 | val PSNR=17.01 SSIM=0.7424 | 8.3s
Epoch 185 | loss=0.1039 | val PSNR=17.03 SSIM=0.7422 | 8.2s
Epoch 186 | loss=0.1011 | val PSNR=17.04 SSIM=0.7418 | 8.3s
Epoch 187 | loss=0.1070 | val PSNR=17.03 SSIM=0.7425 | 8.1s
Epoch 188 | loss=0.1052 | val PSNR=17.03 SSIM=0.7424 | 8.2s
Epoch 189 | loss=0.1066 | val PSNR=17.04 SSIM=0.7422 | 8.1s
Epoch 190 | loss=0.1013 | val PSNR=17.03 SSIM=0.7421 | 8.2s
  -> resume point saved: models/ckpt/lowlight_srcnn_scale2_last.pt (epoch 190)
Epoch 191 | loss=0.1034 | val PSNR=17.03 SSIM=0.7422 | 8.3s
Epoch 192 | loss=0.1040 | val PSNR=17.04 SSIM=0.7421 | 8.4s
Epoch 193 | loss=0.1024 | val PSNR=17.04 SSIM=0.7421 | 8.3s
Epoch 194 | loss=0.1036 | val PSNR=17.03 SSIM=0.7422 | 8.2s
Epoch 195 | loss=0.1009 | val PSNR=17.03 SSIM=0.7423 | 8.2s
Epoch 196 | loss=0.1023 | val PSNR=17.03 SSIM=0.7423 | 8.2s
Epoch 197 | loss=0.1051 | val PSNR=17.03 SSIM=0.7424 | 8.2s
Epoch 198 | loss=0.1036 | val PSNR=17.03 SSIM=0.7424 | 8.2s
Epoch 199 | loss=0.1080 | val PSNR=17.03 SSIM=0.7424 | 8.2s
Epoch 200 | loss=0.1033 | val PSNR=17.03 SSIM=0.7424 | 8.2s
  -> resume point saved: models/ckpt/lowlight_srcnn_scale2_last.pt (epoch 200)
Training finished. Best val PSNR: 17.20
