/root/autodl-tmp/pixelforge/train/train.py:112: FutureWarning: `torch.cuda.amp.GradScaler(args...)` is deprecated. Please use `torch.amp.GradScaler('cuda', args...)` instead.
  scaler = GradScaler(enabled=(DEVICE == "cuda"))
[lowlight/srcnn] params=0.56M device=cuda
/root/autodl-tmp/pixelforge/train/train.py:136: FutureWarning: `torch.cuda.amp.autocast(args...)` is deprecated. Please use `torch.amp.autocast('cuda', args...)` instead.
  with autocast(enabled=(DEVICE == "cuda")):
Epoch 001 | loss=0.2526 | val PSNR=11.87 SSIM=0.5586 | 3.3s
  -> saved best checkpoint: models/lowlight_srcnn_scale2_best.pth
Epoch 002 | loss=0.1588 | val PSNR=14.70 SSIM=0.6267 | 2.7s
  -> saved best checkpoint: models/lowlight_srcnn_scale2_best.pth
Epoch 003 | loss=0.1443 | val PSNR=14.99 SSIM=0.6633 | 2.9s
  -> saved best checkpoint: models/lowlight_srcnn_scale2_best.pth
Epoch 004 | loss=0.1419 | val PSNR=15.61 SSIM=0.6772 | 2.7s
  -> saved best checkpoint: models/lowlight_srcnn_scale2_best.pth
Epoch 005 | loss=0.1358 | val PSNR=15.83 SSIM=0.6860 | 2.7s
  -> saved best checkpoint: models/lowlight_srcnn_scale2_best.pth
Epoch 006 | loss=0.1347 | val PSNR=16.01 SSIM=0.6957 | 2.7s
  -> saved best checkpoint: models/lowlight_srcnn_scale2_best.pth
Epoch 007 | loss=0.1335 | val PSNR=15.27 SSIM=0.6939 | 2.6s
Epoch 008 | loss=0.1334 | val PSNR=16.12 SSIM=0.7052 | 2.6s
  -> saved best checkpoint: models/lowlight_srcnn_scale2_best.pth
Epoch 009 | loss=0.1328 | val PSNR=15.91 SSIM=0.7055 | 2.6s
Epoch 010 | loss=0.1341 | val PSNR=16.06 SSIM=0.7096 | 2.6s
Epoch 011 | loss=0.1320 | val PSNR=15.63 SSIM=0.7132 | 2.6s
Epoch 012 | loss=0.1307 | val PSNR=16.26 SSIM=0.7214 | 2.6s
  -> saved best checkpoint: models/lowlight_srcnn_scale2_best.pth
Epoch 013 | loss=0.1317 | val PSNR=16.04 SSIM=0.7197 | 2.6s
Epoch 014 | loss=0.1291 | val PSNR=16.34 SSIM=0.7221 | 2.6s
  -> saved best checkpoint: models/lowlight_srcnn_scale2_best.pth
Epoch 015 | loss=0.1330 | val PSNR=16.42 SSIM=0.7288 | 2.6s
  -> saved best checkpoint: models/lowlight_srcnn_scale2_best.pth
Epoch 016 | loss=0.1264 | val PSNR=16.41 SSIM=0.7318 | 2.6s
Epoch 017 | loss=0.1243 | val PSNR=16.52 SSIM=0.7362 | 2.6s
  -> saved best checkpoint: models/lowlight_srcnn_scale2_best.pth
Epoch 018 | loss=0.1238 | val PSNR=16.30 SSIM=0.7365 | 2.6s
Epoch 019 | loss=0.1236 | val PSNR=16.57 SSIM=0.7419 | 2.6s
  -> saved best checkpoint: models/lowlight_srcnn_scale2_best.pth
Epoch 020 | loss=0.1216 | val PSNR=16.51 SSIM=0.7413 | 2.6s
Epoch 021 | loss=0.1235 | val PSNR=16.81 SSIM=0.7498 | 2.6s
  -> saved best checkpoint: models/lowlight_srcnn_scale2_best.pth
Epoch 022 | loss=0.1205 | val PSNR=16.84 SSIM=0.7502 | 2.6s
  -> saved best checkpoint: models/lowlight_srcnn_scale2_best.pth
Epoch 023 | loss=0.1231 | val PSNR=16.08 SSIM=0.7462 | 2.7s
Epoch 024 | loss=0.1242 | val PSNR=16.82 SSIM=0.7506 | 2.6s
Epoch 025 | loss=0.1221 | val PSNR=16.74 SSIM=0.7529 | 2.6s
Epoch 026 | loss=0.1197 | val PSNR=17.02 SSIM=0.7563 | 2.6s
  -> saved best checkpoint: models/lowlight_srcnn_scale2_best.pth
Epoch 027 | loss=0.1161 | val PSNR=16.70 SSIM=0.7545 | 2.7s
Epoch 028 | loss=0.1182 | val PSNR=17.08 SSIM=0.7583 | 2.7s
  -> saved best checkpoint: models/lowlight_srcnn_scale2_best.pth
Epoch 029 | loss=0.1155 | val PSNR=16.87 SSIM=0.7537 | 2.7s
Epoch 030 | loss=0.1158 | val PSNR=17.42 SSIM=0.7651 | 2.7s
  -> saved best checkpoint: models/lowlight_srcnn_scale2_best.pth
Epoch 031 | loss=0.1164 | val PSNR=17.40 SSIM=0.7694 | 2.7s
Epoch 032 | loss=0.1200 | val PSNR=17.21 SSIM=0.7618 | 2.6s
Epoch 033 | loss=0.1179 | val PSNR=17.13 SSIM=0.7641 | 2.6s
Epoch 034 | loss=0.1158 | val PSNR=17.38 SSIM=0.7658 | 2.6s
Epoch 035 | loss=0.1152 | val PSNR=17.16 SSIM=0.7638 | 2.6s
Epoch 036 | loss=0.1174 | val PSNR=17.11 SSIM=0.7648 | 2.6s
Epoch 037 | loss=0.1149 | val PSNR=17.30 SSIM=0.7711 | 2.6s
Epoch 038 | loss=0.1176 | val PSNR=17.20 SSIM=0.7682 | 2.5s
Epoch 039 | loss=0.1161 | val PSNR=17.26 SSIM=0.7676 | 2.5s
Epoch 040 | loss=0.1159 | val PSNR=17.46 SSIM=0.7759 | 2.6s
  -> saved best checkpoint: models/lowlight_srcnn_scale2_best.pth
Epoch 041 | loss=0.1170 | val PSNR=16.48 SSIM=0.7622 | 2.6s
Epoch 042 | loss=0.1122 | val PSNR=17.29 SSIM=0.7695 | 2.6s
Epoch 043 | loss=0.1170 | val PSNR=17.64 SSIM=0.7770 | 2.6s
  -> saved best checkpoint: models/lowlight_srcnn_scale2_best.pth
Epoch 044 | loss=0.1130 | val PSNR=17.64 SSIM=0.7770 | 2.5s
  -> saved best checkpoint: models/lowlight_srcnn_scale2_best.pth
Epoch 045 | loss=0.1120 | val PSNR=17.82 SSIM=0.7810 | 2.5s
  -> saved best checkpoint: models/lowlight_srcnn_scale2_best.pth
Epoch 046 | loss=0.1116 | val PSNR=17.86 SSIM=0.7809 | 2.5s
  -> saved best checkpoint: models/lowlight_srcnn_scale2_best.pth
Epoch 047 | loss=0.1150 | val PSNR=17.27 SSIM=0.7740 | 2.5s
Epoch 048 | loss=0.1132 | val PSNR=16.41 SSIM=0.7614 | 2.6s
Epoch 049 | loss=0.1181 | val PSNR=17.76 SSIM=0.7820 | 2.5s
Epoch 050 | loss=0.1150 | val PSNR=17.74 SSIM=0.7808 | 2.5s
Epoch 051 | loss=0.1138 | val PSNR=18.05 SSIM=0.7860 | 2.6s
  -> saved best checkpoint: models/lowlight_srcnn_scale2_best.pth
Epoch 052 | loss=0.1104 | val PSNR=18.04 SSIM=0.7837 | 2.6s
Epoch 053 | loss=0.1127 | val PSNR=18.02 SSIM=0.7852 | 2.6s
Epoch 054 | loss=0.1130 | val PSNR=17.92 SSIM=0.7837 | 2.6s
Epoch 055 | loss=0.1133 | val PSNR=17.77 SSIM=0.7850 | 2.6s
Epoch 056 | loss=0.1153 | val PSNR=17.77 SSIM=0.7838 | 2.6s
Epoch 057 | loss=0.1111 | val PSNR=18.18 SSIM=0.7871 | 2.5s
  -> saved best checkpoint: models/lowlight_srcnn_scale2_best.pth
Epoch 058 | loss=0.1123 | val PSNR=17.49 SSIM=0.7871 | 2.5s
Epoch 059 | loss=0.1118 | val PSNR=18.09 SSIM=0.7857 | 2.6s
Epoch 060 | loss=0.1098 | val PSNR=17.65 SSIM=0.7817 | 2.6s
Epoch 061 | loss=0.1107 | val PSNR=18.00 SSIM=0.7869 | 2.6s
Epoch 062 | loss=0.1133 | val PSNR=18.13 SSIM=0.7881 | 2.6s
Epoch 063 | loss=0.1119 | val PSNR=17.68 SSIM=0.7845 | 2.6s
Epoch 064 | loss=0.1121 | val PSNR=17.58 SSIM=0.7834 | 2.6s
Epoch 065 | loss=0.1125 | val PSNR=17.97 SSIM=0.7872 | 2.5s
Epoch 066 | loss=0.1091 | val PSNR=16.89 SSIM=0.7816 | 2.7s
Epoch 067 | loss=0.1114 | val PSNR=17.50 SSIM=0.7875 | 2.6s
Epoch 068 | loss=0.1093 | val PSNR=17.79 SSIM=0.7870 | 2.6s
Epoch 069 | loss=0.1087 | val PSNR=17.23 SSIM=0.7834 | 2.6s
Epoch 070 | loss=0.1094 | val PSNR=18.04 SSIM=0.7886 | 2.6s
Epoch 071 | loss=0.1098 | val PSNR=18.01 SSIM=0.7880 | 2.9s
Epoch 072 | loss=0.1076 | val PSNR=17.88 SSIM=0.7889 | 2.6s
Epoch 073 | loss=0.1069 | val PSNR=18.03 SSIM=0.7925 | 2.6s
Epoch 074 | loss=0.1087 | val PSNR=18.30 SSIM=0.7909 | 2.6s
  -> saved best checkpoint: models/lowlight_srcnn_scale2_best.pth
Epoch 075 | loss=0.1092 | val PSNR=18.19 SSIM=0.7923 | 2.6s
Epoch 076 | loss=0.1098 | val PSNR=17.33 SSIM=0.7861 | 2.7s
Epoch 077 | loss=0.1096 | val PSNR=17.47 SSIM=0.7855 | 2.6s
Epoch 078 | loss=0.1125 | val PSNR=18.06 SSIM=0.7915 | 2.6s
Epoch 079 | loss=0.1116 | val PSNR=18.30 SSIM=0.7927 | 2.6s
  -> saved best checkpoint: models/lowlight_srcnn_scale2_best.pth
Epoch 080 | loss=0.1065 | val PSNR=17.89 SSIM=0.7893 | 2.6s
Epoch 081 | loss=0.1072 | val PSNR=18.19 SSIM=0.7920 | 2.6s
Epoch 082 | loss=0.1102 | val PSNR=18.09 SSIM=0.7963 | 2.6s
Epoch 083 | loss=0.1086 | val PSNR=17.70 SSIM=0.7933 | 2.7s
Epoch 084 | loss=0.1087 | val PSNR=18.13 SSIM=0.7929 | 2.6s
Epoch 085 | loss=0.1078 | val PSNR=18.25 SSIM=0.7901 | 2.6s
Epoch 086 | loss=0.1114 | val PSNR=18.01 SSIM=0.7962 | 2.6s
Epoch 087 | loss=0.1081 | val PSNR=18.25 SSIM=0.7922 | 2.6s
Epoch 088 | loss=0.1111 | val PSNR=18.40 SSIM=0.7933 | 2.5s
  -> saved best checkpoint: models/lowlight_srcnn_scale2_best.pth
Epoch 089 | loss=0.1097 | val PSNR=18.09 SSIM=0.7930 | 2.6s
Epoch 090 | loss=0.1099 | val PSNR=18.07 SSIM=0.7916 | 2.6s
Epoch 091 | loss=0.1085 | val PSNR=18.08 SSIM=0.7918 | 2.5s
Epoch 092 | loss=0.1052 | val PSNR=17.79 SSIM=0.7879 | 2.5s
Epoch 093 | loss=0.1090 | val PSNR=18.30 SSIM=0.7945 | 2.6s
Epoch 094 | loss=0.1050 | val PSNR=18.00 SSIM=0.7930 | 2.5s
Epoch 095 | loss=0.1074 | val PSNR=18.03 SSIM=0.7934 | 2.5s
Epoch 096 | loss=0.1085 | val PSNR=18.26 SSIM=0.7921 | 2.5s
Epoch 097 | loss=0.1077 | val PSNR=17.92 SSIM=0.7946 | 2.6s
Epoch 098 | loss=0.1044 | val PSNR=18.17 SSIM=0.7953 | 2.6s
Epoch 099 | loss=0.1074 | val PSNR=17.72 SSIM=0.7938 | 2.5s
Epoch 100 | loss=0.1094 | val PSNR=18.59 SSIM=0.7963 | 2.6s
  -> saved best checkpoint: models/lowlight_srcnn_scale2_best.pth
Epoch 101 | loss=0.1067 | val PSNR=18.44 SSIM=0.7957 | 2.6s
Epoch 102 | loss=0.1086 | val PSNR=17.87 SSIM=0.7956 | 2.6s
Epoch 103 | loss=0.1073 | val PSNR=18.47 SSIM=0.7976 | 2.6s
Epoch 104 | loss=0.1048 | val PSNR=18.57 SSIM=0.7976 | 2.5s
Epoch 105 | loss=0.1056 | val PSNR=18.41 SSIM=0.7949 | 2.5s
Epoch 106 | loss=0.1071 | val PSNR=18.37 SSIM=0.7986 | 2.5s
Epoch 107 | loss=0.1045 | val PSNR=18.44 SSIM=0.7949 | 2.5s
Epoch 108 | loss=0.1064 | val PSNR=18.33 SSIM=0.7971 | 2.6s
Epoch 109 | loss=0.1064 | val PSNR=17.97 SSIM=0.7961 | 2.6s
Epoch 110 | loss=0.1086 | val PSNR=18.48 SSIM=0.7971 | 2.5s
Epoch 111 | loss=0.1055 | val PSNR=18.13 SSIM=0.7976 | 2.5s
Epoch 112 | loss=0.1071 | val PSNR=18.37 SSIM=0.7974 | 2.5s
Epoch 113 | loss=0.1086 | val PSNR=18.49 SSIM=0.7959 | 2.6s
Epoch 114 | loss=0.1083 | val PSNR=18.45 SSIM=0.7974 | 2.6s
Epoch 115 | loss=0.1040 | val PSNR=18.48 SSIM=0.7970 | 2.6s
Epoch 116 | loss=0.1056 | val PSNR=18.49 SSIM=0.7993 | 2.6s
Epoch 117 | loss=0.1029 | val PSNR=18.31 SSIM=0.7975 | 2.6s
Epoch 118 | loss=0.1074 | val PSNR=18.46 SSIM=0.7963 | 2.7s
Epoch 119 | loss=0.1059 | val PSNR=18.43 SSIM=0.7963 | 2.6s
Epoch 120 | loss=0.1041 | val PSNR=18.12 SSIM=0.7955 | 2.6s
Epoch 121 | loss=0.1050 | val PSNR=18.31 SSIM=0.7967 | 2.6s
Epoch 122 | loss=0.1057 | val PSNR=18.27 SSIM=0.7981 | 2.6s
Epoch 123 | loss=0.1050 | val PSNR=18.24 SSIM=0.7949 | 2.6s
Epoch 124 | loss=0.1032 | val PSNR=18.21 SSIM=0.7968 | 2.7s
Epoch 125 | loss=0.1039 | val PSNR=18.40 SSIM=0.7975 | 2.6s
Epoch 126 | loss=0.1071 | val PSNR=18.42 SSIM=0.7974 | 2.6s
Epoch 127 | loss=0.1046 | val PSNR=18.29 SSIM=0.7947 | 2.6s
Epoch 128 | loss=0.1064 | val PSNR=18.35 SSIM=0.7960 | 2.6s
Epoch 129 | loss=0.1062 | val PSNR=18.45 SSIM=0.7978 | 2.6s
Epoch 130 | loss=0.1050 | val PSNR=18.48 SSIM=0.7991 | 2.7s
Epoch 131 | loss=0.1069 | val PSNR=18.50 SSIM=0.7991 | 2.6s
Epoch 132 | loss=0.1055 | val PSNR=18.42 SSIM=0.7989 | 2.5s
Epoch 133 | loss=0.1033 | val PSNR=18.34 SSIM=0.7973 | 2.5s
Epoch 134 | loss=0.1034 | val PSNR=18.12 SSIM=0.7963 | 2.6s
Epoch 135 | loss=0.1051 | val PSNR=18.16 SSIM=0.7953 | 2.6s
Epoch 136 | loss=0.1080 | val PSNR=18.37 SSIM=0.7964 | 2.5s
Epoch 137 | loss=0.1051 | val PSNR=18.44 SSIM=0.7975 | 2.5s
Epoch 138 | loss=0.1018 | val PSNR=18.32 SSIM=0.7965 | 2.6s
Epoch 139 | loss=0.1062 | val PSNR=18.28 SSIM=0.7951 | 2.5s
Epoch 140 | loss=0.1025 | val PSNR=18.39 SSIM=0.7967 | 2.5s
Epoch 141 | loss=0.1024 | val PSNR=18.40 SSIM=0.7979 | 2.5s
Epoch 142 | loss=0.1069 | val PSNR=18.45 SSIM=0.7977 | 2.5s
Epoch 143 | loss=0.1014 | val PSNR=18.28 SSIM=0.7976 | 2.6s
Epoch 144 | loss=0.1026 | val PSNR=18.38 SSIM=0.7983 | 2.6s
Epoch 145 | loss=0.1014 | val PSNR=18.42 SSIM=0.7983 | 2.5s
Epoch 146 | loss=0.1022 | val PSNR=18.22 SSIM=0.7975 | 2.5s
Epoch 147 | loss=0.1044 | val PSNR=18.49 SSIM=0.7971 | 2.6s
Epoch 148 | loss=0.1029 | val PSNR=18.41 SSIM=0.7989 | 2.5s
Epoch 149 | loss=0.1025 | val PSNR=18.45 SSIM=0.7978 | 2.6s
Epoch 150 | loss=0.1029 | val PSNR=18.51 SSIM=0.7974 | 2.5s
Epoch 151 | loss=0.1017 | val PSNR=18.45 SSIM=0.7981 | 2.6s
Epoch 152 | loss=0.1031 | val PSNR=18.37 SSIM=0.7990 | 2.5s
Epoch 153 | loss=0.1026 | val PSNR=18.33 SSIM=0.7986 | 2.5s
Epoch 154 | loss=0.1029 | val PSNR=18.52 SSIM=0.7972 | 2.5s
Epoch 155 | loss=0.1016 | val PSNR=18.49 SSIM=0.7975 | 2.5s
Epoch 156 | loss=0.1050 | val PSNR=18.47 SSIM=0.7981 | 2.6s
Epoch 157 | loss=0.1018 | val PSNR=18.30 SSIM=0.7978 | 2.5s
Epoch 158 | loss=0.1024 | val PSNR=18.45 SSIM=0.7978 | 2.6s
Epoch 159 | loss=0.1034 | val PSNR=18.35 SSIM=0.7988 | 2.5s
Epoch 160 | loss=0.1038 | val PSNR=18.36 SSIM=0.7979 | 2.6s
Epoch 161 | loss=0.1068 | val PSNR=18.39 SSIM=0.7977 | 2.6s
Epoch 162 | loss=0.1021 | val PSNR=18.41 SSIM=0.7979 | 2.6s
Epoch 163 | loss=0.1016 | val PSNR=18.44 SSIM=0.7963 | 2.6s
Epoch 164 | loss=0.1059 | val PSNR=18.40 SSIM=0.7974 | 2.6s
Epoch 165 | loss=0.1029 | val PSNR=18.38 SSIM=0.7977 | 2.6s
Epoch 166 | loss=0.1033 | val PSNR=18.47 SSIM=0.7978 | 2.6s
Epoch 167 | loss=0.1006 | val PSNR=18.47 SSIM=0.7984 | 2.6s
Epoch 168 | loss=0.1047 | val PSNR=18.43 SSIM=0.7981 | 2.6s
Epoch 169 | loss=0.1008 | val PSNR=18.44 SSIM=0.7983 | 2.6s
Epoch 170 | loss=0.1042 | val PSNR=18.38 SSIM=0.7977 | 2.6s
Epoch 171 | loss=0.1033 | val PSNR=18.45 SSIM=0.7979 | 2.6s
Epoch 172 | loss=0.1018 | val PSNR=18.36 SSIM=0.7979 | 2.6s
Epoch 173 | loss=0.1038 | val PSNR=18.51 SSIM=0.7980 | 2.6s
Epoch 174 | loss=0.1028 | val PSNR=18.48 SSIM=0.7983 | 2.6s
Epoch 175 | loss=0.1045 | val PSNR=18.48 SSIM=0.7982 | 2.6s
Epoch 176 | loss=0.1034 | val PSNR=18.46 SSIM=0.7984 | 2.7s
Epoch 177 | loss=0.1037 | val PSNR=18.40 SSIM=0.7985 | 2.6s
Epoch 178 | loss=0.1003 | val PSNR=18.44 SSIM=0.7984 | 2.6s
Epoch 179 | loss=0.1039 | val PSNR=18.50 SSIM=0.7982 | 2.6s
Epoch 180 | loss=0.1029 | val PSNR=18.46 SSIM=0.7981 | 2.7s
Epoch 181 | loss=0.1009 | val PSNR=18.44 SSIM=0.7981 | 2.6s
Epoch 182 | loss=0.1013 | val PSNR=18.43 SSIM=0.7980 | 2.6s
Epoch 183 | loss=0.1028 | val PSNR=18.43 SSIM=0.7979 | 2.6s
Epoch 184 | loss=0.1005 | val PSNR=18.43 SSIM=0.7978 | 2.7s
Epoch 185 | loss=0.1025 | val PSNR=18.44 SSIM=0.7978 | 2.6s
Epoch 186 | loss=0.1016 | val PSNR=18.44 SSIM=0.7978 | 2.6s
Epoch 187 | loss=0.1022 | val PSNR=18.44 SSIM=0.7978 | 2.6s
Epoch 188 | loss=0.0998 | val PSNR=18.46 SSIM=0.7978 | 2.6s
Epoch 189 | loss=0.1020 | val PSNR=18.46 SSIM=0.7977 | 2.6s
Epoch 190 | loss=0.1021 | val PSNR=18.47 SSIM=0.7977 | 2.6s
Epoch 191 | loss=0.1017 | val PSNR=18.46 SSIM=0.7978 | 2.6s
Epoch 192 | loss=0.0989 | val PSNR=18.46 SSIM=0.7978 | 2.6s
Epoch 193 | loss=0.1038 | val PSNR=18.46 SSIM=0.7978 | 2.6s
Epoch 194 | loss=0.1026 | val PSNR=18.46 SSIM=0.7978 | 2.6s
Epoch 195 | loss=0.1019 | val PSNR=18.46 SSIM=0.7978 | 2.7s
Epoch 196 | loss=0.1027 | val PSNR=18.47 SSIM=0.7978 | 2.6s
Epoch 197 | loss=0.1007 | val PSNR=18.47 SSIM=0.7978 | 2.6s
Epoch 198 | loss=0.1046 | val PSNR=18.47 SSIM=0.7978 | 2.6s
Epoch 199 | loss=0.1016 | val PSNR=18.47 SSIM=0.7978 | 2.7s
Epoch 200 | loss=0.1013 | val PSNR=18.47 SSIM=0.7978 | 2.8s
Training finished. Best val PSNR: 18.59
